// Jest Snapshot v1, https://goo.gl/fbAQLP

exports[`uploadFeed() - files array must contain .css or .js filenames 1`] = `
[AssertionError [ERR_ASSERTION]: Expected ALL items in array 'files' to end with .js 
                or ALL items in array 'files' to end with .css, got one,two]
`;

exports[`uploadFeed() - files array must only contain strings 1`] = `[AssertionError [ERR_ASSERTION]: Expected each item in array 'files' to be a string, got 1,true]`;

exports[`uploadFeed() - files must be an array 1`] = `[AssertionError [ERR_ASSERTION]: Expected 'files' to be an array, instead got undefined]`;

exports[`uploadFeed() - files must contain at least 1 item 1`] = `[AssertionError [ERR_ASSERTION]: Expected 'files' array to contain at least 1 item]`;
